\BOOKMARK [1][-]{section.1}{\376\377\000I\000n\000t\000r\000o\000d\000u\000c\000t\000i\000o\000n}{}% 1
\BOOKMARK [2][-]{subsection.1.1}{\376\377\000C\000o\000n\000t\000r\000i\000b\000u\000t\000i\000o\000n\000s}{section.1}% 2
\BOOKMARK [1][-]{section.2}{\376\377\000R\000e\000l\000a\000t\000e\000d\000\040\000W\000o\000r\000k}{}% 3
\BOOKMARK [1][-]{section.3}{\376\377\000P\000r\000o\000b\000l\000e\000m\000\040\000D\000e\000f\000i\000n\000i\000t\000i\000o\000n}{}% 4
\BOOKMARK [2][-]{subsection.3.1}{\376\377\000T\000i\000m\000e\000-\000D\000e\000c\000a\000y\000e\000d\000\040\000D\000e\000n\000s\000i\000t\000y}{section.3}% 5
\BOOKMARK [1][-]{section.4}{\376\377\000P\000r\000o\000p\000o\000s\000e\000d\000\040\000M\000e\000t\000h\000o\000d}{}% 6
\BOOKMARK [2][-]{subsection.4.1}{\376\377\000H\000i\000e\000r\000a\000r\000c\000h\000i\000c\000a\000l\000\040\000G\000r\000i\000d\000\040\000S\000t\000r\000u\000c\000t\000u\000r\000e}{section.4}% 7
\BOOKMARK [2][-]{subsection.4.2}{\376\377\000C\000e\000l\000l\000\040\000S\000u\000m\000m\000a\000r\000y}{section.4}% 8
\BOOKMARK [2][-]{subsection.4.3}{\376\377\000R\000e\000f\000i\000n\000e\000m\000e\000n\000t\000\040\000C\000r\000i\000t\000e\000r\000i\000o\000n}{section.4}% 9
\BOOKMARK [2][-]{subsection.4.4}{\376\377\000C\000o\000n\000t\000r\000a\000c\000t\000i\000o\000n\000\040\000C\000r\000i\000t\000e\000r\000i\000o\000n}{section.4}% 10
\BOOKMARK [2][-]{subsection.4.5}{\376\377\000S\000p\000a\000r\000s\000e\000\040\000C\000e\000l\000l\000\040\000P\000r\000u\000n\000i\000n\000g}{section.4}% 11
\BOOKMARK [2][-]{subsection.4.6}{\376\377\000C\000l\000u\000s\000t\000e\000r\000i\000n\000g\000\040\000o\000v\000e\000r\000\040\000G\000r\000i\000d\000\040\000C\000e\000l\000l\000s}{section.4}% 12
\BOOKMARK [1][-]{section.5}{\376\377\000A\000l\000g\000o\000r\000i\000t\000h\000m}{}% 13
\BOOKMARK [1][-]{section.6}{\376\377\000C\000o\000m\000p\000l\000e\000x\000i\000t\000y\000\040\000A\000n\000a\000l\000y\000s\000i\000s}{}% 14
\BOOKMARK [1][-]{section.7}{\376\377\000E\000x\000p\000e\000r\000i\000m\000e\000n\000t\000a\000l\000\040\000E\000v\000a\000l\000u\000a\000t\000i\000o\000n}{}% 15
\BOOKMARK [2][-]{subsection.7.1}{\376\377\000D\000a\000t\000a\000s\000e\000t\000s}{section.7}% 16
\BOOKMARK [2][-]{subsection.7.2}{\376\377\000E\000v\000a\000l\000u\000a\000t\000i\000o\000n\000\040\000M\000e\000t\000r\000i\000c\000s}{section.7}% 17
\BOOKMARK [1][-]{section.8}{\376\377\000R\000e\000s\000u\000l\000t\000s}{}% 18
\BOOKMARK [2][-]{subsection.8.1}{\376\377\000E\000x\000p\000e\000r\000i\000m\000e\000n\000t\000a\000l\000\040\000S\000e\000t\000u\000p}{section.8}% 19
\BOOKMARK [2][-]{subsection.8.2}{\376\377\000A\000c\000c\000u\000r\000a\000c\000y\040\023\000M\000e\000m\000o\000r\000y\000\040\000F\000r\000o\000n\000t\000i\000e\000r\000\040\000i\000n\000\040\000T\000w\000o\000\040\000D\000i\000m\000e\000n\000s\000i\000o\000n\000s}{section.8}% 20
\BOOKMARK [2][-]{subsection.8.3}{\376\377\000R\000o\000o\000t\000-\000C\000a\000u\000s\000e\000\040\000A\000n\000a\000l\000y\000s\000i\000s\000\040\000o\000f\000\040\000t\000h\000e\000\040\000A\000c\000c\000u\000r\000a\000c\000y\000\040\000G\000a\000p}{section.8}% 21
\BOOKMARK [2][-]{subsection.8.4}{\376\377\000S\000p\000l\000i\000t\000-\000S\000t\000r\000a\000t\000e\000g\000y\000\040\000C\000o\000m\000p\000a\000r\000i\000s\000o\000n}{section.8}% 22
\BOOKMARK [2][-]{subsection.8.5}{\376\377\000E\000f\000f\000e\000c\000t\000\040\000o\000f\000\040\000D\000i\000m\000e\000n\000s\000i\000o\000n\000a\000l\000i\000t\000y}{section.8}% 23
\BOOKMARK [2][-]{subsection.8.6}{\376\377\000C\000r\000o\000s\000s\000-\000R\000e\000g\000i\000m\000e\000\040\000G\000e\000n\000e\000r\000a\000l\000i\000z\000a\000t\000i\000o\000n}{section.8}% 24
\BOOKMARK [2][-]{subsection.8.7}{\376\377\000S\000u\000m\000m\000a\000r\000y\000\040\000o\000f\000\040\000F\000i\000n\000d\000i\000n\000g\000s}{section.8}% 25
\BOOKMARK [1][-]{section.9}{\376\377\000D\000i\000s\000c\000u\000s\000s\000i\000o\000n}{}% 26
\BOOKMARK [1][-]{section.10}{\376\377\000C\000o\000n\000c\000l\000u\000s\000i\000o\000n}{}% 27
